{
  "chord": [
    0.1,
    0.3,
    0.7
  ],
  "alpha": 0.2,
  "omega": 1.5
}