{
  "phase": [0.2, 0.5, 1.0],
  "amp": [1.0, 0.8, 1.2],
  "seed": 123456789
}
